Found 3 test(s).
docker : Creating test database for alias 
'default'...
At line:1 char:1
+ docker exec brfn_platform_api python manage.py 
test products > test_o ...
+ ~~~~~~~~~~~~~~~~~~~~~~~~~~~~~~~~~~~~~~~~~~~~~~~
~~~~~~~~~~~~~~~~~~~~~~
    + CategoryInfo          : NotSpecified: (Cre 
   ating test d...as 'default'...:String) [], R  
  emoteException
    + FullyQualifiedErrorId : NativeCommandError
 
Destroying test database for alias 'default'...
Traceback (most recent call last):
  File "/code/manage.py", line 22, in <module>
    main()
  File "/code/manage.py", line 18, in main
    execute_from_command_line(sys.argv)
  File "/usr/local/lib/python3.11/site-packages/d
jango/core/management/__init__.py", line 442, in 
execute_from_command_line
    utility.execute()
  File "/usr/local/lib/python3.11/site-packages/d
jango/core/management/__init__.py", line 436, in 
execute
    self.fetch_command(subcommand).run_from_argv(
self.argv)
  File "/usr/local/lib/python3.11/site-packages/d
jango/core/management/commands/test.py", line 
24, in run_from_argv
    super().run_from_argv(argv)
  File "/usr/local/lib/python3.11/site-packages/d
jango/core/management/base.py", line 412, in 
run_from_argv
    self.execute(*args, **cmd_options)
  File "/usr/local/lib/python3.11/site-packages/d
jango/core/management/base.py", line 458, in 
execute
    output = self.handle(*args, **options)
             ^^^^^^^^^^^^^^^^^^^^^^^^^^^^^
  File "/usr/local/lib/python3.11/site-packages/d
jango/core/management/commands/test.py", line 
68, in handle
    failures = test_runner.run_tests(test_labels)
               ^^^^^^^^^^^^^^^^^^^^^^^^^^^^^^^^^^
  File "/usr/local/lib/python3.11/site-packages/d
jango/test/runner.py", line 1060, in run_tests
    self.run_checks(databases)
  File "/usr/local/lib/python3.11/site-packages/d
jango/test/runner.py", line 977, in run_checks
    call_command("check", 
verbosity=self.verbosity, databases=databases)
  File "/usr/local/lib/python3.11/site-packages/d
jango/core/management/__init__.py", line 194, in 
call_command
    return command.execute(*args, **defaults)
           ^^^^^^^^^^^^^^^^^^^^^^^^^^^^^^^^^^
  File "/usr/local/lib/python3.11/site-packages/d
jango/core/management/base.py", line 458, in 
execute
    output = self.handle(*args, **options)
             ^^^^^^^^^^^^^^^^^^^^^^^^^^^^^
  File "/usr/local/lib/python3.11/site-packages/d
jango/core/management/commands/check.py", line 
76, in handle
    self.check(
  File "/usr/local/lib/python3.11/site-packages/d
jango/core/management/base.py", line 485, in 
check
    all_issues = checks.run_checks(
                 ^^^^^^^^^^^^^^^^^^
  File "/usr/local/lib/python3.11/site-packages/d
jango/core/checks/registry.py", line 88, in 
run_checks
    new_errors = check(app_configs=app_configs, 
databases=databases)
                 ^^^^^^^^^^^^^^^^^^^^^^^^^^^^^^^^
^^^^^^^^^^^^^^^^^^^
  File "/usr/local/lib/python3.11/site-packages/d
jango/core/checks/urls.py", line 42, in 
check_url_namespaces_unique
    all_namespaces = 
_load_all_namespaces(resolver)
                     
^^^^^^^^^^^^^^^^^^^^^^^^^^^^^^
  File "/usr/local/lib/python3.11/site-packages/d
jango/core/checks/urls.py", line 61, in 
_load_all_namespaces
    url_patterns = getattr(resolver, 
"url_patterns", [])
                   
^^^^^^^^^^^^^^^^^^^^^^^^^^^^^^^^^^^^^
  File "/usr/local/lib/python3.11/site-packages/d
jango/utils/functional.py", line 57, in __get__
    res = instance.__dict__[self.name] = 
self.func(instance)
                                         
^^^^^^^^^^^^^^^^^^^
  File "/usr/local/lib/python3.11/site-packages/d
jango/urls/resolvers.py", line 715, in 
url_patterns
    patterns = getattr(self.urlconf_module, 
"urlpatterns", self.urlconf_module)
                       ^^^^^^^^^^^^^^^^^^^
  File "/usr/local/lib/python3.11/site-packages/d
jango/utils/functional.py", line 57, in __get__
    res = instance.__dict__[self.name] = 
self.func(instance)
                                         
^^^^^^^^^^^^^^^^^^^
  File "/usr/local/lib/python3.11/site-packages/d
jango/urls/resolvers.py", line 708, in 
urlconf_module
    return import_module(self.urlconf_name)
           ^^^^^^^^^^^^^^^^^^^^^^^^^^^^^^^^
  File "/usr/local/lib/python3.11/importlib/__ini
t__.py", line 126, in import_module
    return _bootstrap._gcd_import(name[level:], 
package, level)
           ^^^^^^^^^^^^^^^^^^^^^^^^^^^^^^^^^^^^^^
^^^^^^^^^^^^^^
  File "<frozen importlib._bootstrap>", line 
1204, in _gcd_import
  File "<frozen importlib._bootstrap>", line 
1176, in _find_and_load
  File "<frozen importlib._bootstrap>", line 
1147, in _find_and_load_unlocked
  File "<frozen importlib._bootstrap>", line 
690, in _load_unlocked
  File "<frozen importlib._bootstrap_external>", 
line 940, in exec_module
  File "<frozen importlib._bootstrap>", line 
241, in _call_with_frames_removed
  File "/code/platform_api/urls.py", line 23, in 
<module>
    path('api/products/', 
include('products.urls')),
                          
^^^^^^^^^^^^^^^^^^^^^^^^
  File "/usr/local/lib/python3.11/site-packages/d
jango/urls/conf.py", line 38, in include
    urlconf_module = 
import_module(urlconf_module)
                     
^^^^^^^^^^^^^^^^^^^^^^^^^^^^^
  File "/usr/local/lib/python3.11/importlib/__ini
t__.py", line 126, in import_module
    return _bootstrap._gcd_import(name[level:], 
package, level)
           ^^^^^^^^^^^^^^^^^^^^^^^^^^^^^^^^^^^^^^
^^^^^^^^^^^^^^
  File "<frozen importlib._bootstrap>", line 
1204, in _gcd_import
  File "<frozen importlib._bootstrap>", line 
1176, in _find_and_load
  File "<frozen importlib._bootstrap>", line 
1147, in _find_and_load_unlocked
  File "<frozen importlib._bootstrap>", line 
690, in _load_unlocked
  File "<frozen importlib._bootstrap_external>", 
line 940, in exec_module
  File "<frozen importlib._bootstrap>", line 
241, in _call_with_frames_removed
  File "/code/products/urls.py", line 2, in 
<module>
    from .views import (
  File "/code/products/views.py", line 61
    seasonal_start_month__lte=m,
    ^^^^^^^^^^^^^^^^^^^^^^^^^^^
SyntaxError: keyword argument repeated: 
seasonal_start_month__lte
